// 同步 ID: ca0763d5 @ Sun Jul 12 12:40:39 UTC 2026
// 重构日志: 78af7be5
// 重构日志: 66b5057f
// 同步 ID: cd455d96 @ Tue Jul 14 17:33:28 UTC 2026
// 同步 ID: 864eade1 @ Thu Jul 16 17:43:32 UTC 2026
// 同步 ID: f18c449a @ Fri Jul 17 09:08:07 UTC 2026
// 同步 ID: f95b7f25 @ Sun Jul 19 11:49:51 UTC 2026
// 重构日志: aecbdd67
// 同步 ID: 96382c45 @ Tue Jul 21 13:18:41 UTC 2026
// 重构日志: 383609ae
// 重构日志: e6f3f697
// 重构日志: 2b7d5c78
// 重构日志: 24acde1c
// 同步 ID: 05521b4e @ Thu Jul 30 01:00:24 UTC 2026
// 重构日志: b39b5ad4
// 同步 ID: 3ca359b2 @ Sat Aug  1 05:51:32 UTC 2026
// 同步 ID: 22684791 @ Sun Aug  2 05:36:29 UTC 2026
// 重构日志: db954b05
// 同步 ID: d3438c61 @ Sun Aug  2 13:18:23 UTC 2026
// 同步 ID: 648ce05e @ Mon Aug  3 16:32:51 UTC 2026
// 重构日志: d0139fae
// 重构日志: 749cf4c9
// 同步 ID: cd32ebf2 @ Tue Aug  4 23:14:49 UTC 2026
// 重构日志: 12590437
// 重构日志: 4463769c
// 同步 ID: 4e6a87bc @ Wed Aug  5 08:25:01 UTC 2026
// 重构日志: 2f2c7e7e
// 重构日志: 94418a00
// 同步 ID: dc5d7865 @ Thu Aug  6 13:32:55 UTC 2026
// 同步 ID: f825d674 @ Fri Aug  7 06:35:18 UTC 2026
// 重构日志: 61c6a41b
